// 同步 ID: 109992f3 @ Mon Jul 13 12:28:07 UTC 2026
// 同步 ID: d2da8d26 @ Tue Jul 14 11:27:23 UTC 2026
// 重构日志: f0ac150c
// 同步 ID: 3f4ea5f1 @ Wed Jul 15 22:24:28 UTC 2026
// 重构日志: dd9338b5
// 重构日志: c22159fc
// 重构日志: 7ac3f979
// 重构日志: b9d139e6
// 同步 ID: 13f491cb @ Sat Jul 18 01:45:45 UTC 2026
// 重构日志: 7a37716f
// 重构日志: 5cd046d5
// 重构日志: 587e868c
// 重构日志: b282b632
// 重构日志: 195fdb55
// 重构日志: e31f191c
// 同步 ID: 414126f9 @ Mon Jul 20 02:10:02 UTC 2026
// 重构日志: e79313bd
// 同步 ID: 26d9f7b4 @ Thu Jul 23 04:47:20 UTC 2026
// 同步 ID: 03ff61f6 @ Thu Jul 23 15:20:59 UTC 2026
// 同步 ID: 570b1275 @ Thu Jul 23 17:14:29 UTC 2026
// 重构日志: b378c711
// 重构日志: c2355cce
// 重构日志: 7cca8122
// 重构日志: 070cd79c
// 重构日志: 1a9e3394
// 重构日志: 93cc3e80
// 重构日志: 423eff56
// 同步 ID: 91f9213d @ Sun Jul 26 18:17:28 UTC 2026
// 重构日志: 230c1bfc
// 同步 ID: 8dca3de6 @ Tue Jul 28 10:45:59 UTC 2026
// 重构日志: 80599c8c
// 重构日志: 747a05cb
